2025-10-07 23:37:09 - models.yolo_detector - ERROR - [yolo_detector.py:14] - Failed to load YOLO model: [Errno 2] No such file or directory: 'C:\\Users\\Acer\\OneDrive\\Desktop\\HogIntel-Price&Weight-Estimation\\models\\weights\\best.pt'
2025-10-07 23:37:09 - models.cnn_regressor - ERROR - [cnn_regressor.py:71] - Failed to load CNN regressor: [Errno 2] No such file or directory: 'C:\\Users\\Acer\\OneDrive\\Desktop\\HogIntel-Price&Weight-Estimation\\models\\outputs\\training_run1\\best_model.pt'
2025-10-07 23:37:09 - models.price_model - ERROR - [price_model.py:49] - Failed to load price model: [Errno 2] No such file or directory: 'C:\\Users\\Acer\\OneDrive\\Desktop\\HogIntel-Price&Weight-Estimation\\models\\improved_price_model\\best_price_model.pkl'
2025-10-07 23:37:09 - models.price_model - WARNING - [price_model.py:57] - Failed to load scaler: [Errno 2] No such file or directory: 'C:\\Users\\Acer\\OneDrive\\Desktop\\HogIntel-Price&Weight-Estimation\\models\\improved_price_model\\price_scaler.pkl'
2025-10-07 23:37:09 - models.price_model - WARNING - [price_model.py:66] - Failed to load selected features: [Errno 2] No such file or directory: 'C:\\Users\\Acer\\OneDrive\\Desktop\\HogIntel-Price&Weight-Estimation\\models\\improved_price_model\\selected_features.json'
2025-10-07 23:37:09 - models.price_model - WARNING - [price_model.py:75] - Failed to load model metrics: [Errno 2] No such file or directory: 'C:\\Users\\Acer\\OneDrive\\Desktop\\HogIntel-Price&Weight-Estimation\\models\\improved_price_model\\model_metrics.json'
2025-10-07 23:37:09 - routers.price - INFO - [price.py:16] - Ridge Regression price prediction model loaded successfully
2025-10-27 17:53:00 - models.yolo_detector - ERROR - [yolo_detector.py:14] - Failed to load YOLO model: [Errno 2] No such file or directory: 'C:\\Users\\Acer\\OneDrive\\Desktop\\HogIntel-Price&Weight-Estimation\\models\\yolo_model\\best.pt'
2025-10-27 17:53:00 - models.cnn_regressor - ERROR - [cnn_regressor.py:71] - Failed to load CNN regressor: [Errno 2] No such file or directory: 'C:\\Users\\Acer\\OneDrive\\Desktop\\HogIntel-Price&Weight-Estimation\\models\\weight_model\\best_model.pt'
2025-10-27 17:53:00 - models.price_model - ERROR - [price_model.py:49] - Failed to load price model: [Errno 2] No such file or directory: 'C:\\Users\\Acer\\OneDrive\\Desktop\\HogIntel-Price&Weight-Estimation\\models\\price_model\\best_price_model.pkl'
2025-10-27 17:53:00 - models.price_model - WARNING - [price_model.py:57] - Failed to load scaler: [Errno 2] No such file or directory: 'C:\\Users\\Acer\\OneDrive\\Desktop\\HogIntel-Price&Weight-Estimation\\models\\price_model\\price_scaler.pkl'
2025-10-27 17:53:00 - models.price_model - WARNING - [price_model.py:66] - Failed to load selected features: [Errno 2] No such file or directory: 'C:\\Users\\Acer\\OneDrive\\Desktop\\HogIntel-Price&Weight-Estimation\\models\\price_model\\selected_features.json'
2025-10-27 17:53:00 - models.price_model - WARNING - [price_model.py:75] - Failed to load model metrics: [Errno 2] No such file or directory: 'C:\\Users\\Acer\\OneDrive\\Desktop\\HogIntel-Price&Weight-Estimation\\models\\price_model\\model_metrics.json'
2025-10-27 17:53:00 - routers.price - INFO - [price.py:16] - Ridge Regression price prediction model loaded successfully
2025-10-27 17:53:00 - main - INFO - [main.py:19] - Starting HogIntel API Server
2025-10-27 17:53:00 - main - INFO - [main.py:20] - Environment: development
2025-10-27 17:53:00 - main - INFO - [main.py:21] - Debug mode: True
2025-10-27 17:53:00 - main - INFO - [main.py:22] - CORS origins: ['http://localhost:3000', 'http://localhost:8080', '*']
2025-10-27 18:01:01 - models.yolo_detector - ERROR - [yolo_detector.py:14] - Failed to load YOLO model: [Errno 2] No such file or directory: 'C:\\Users\\Acer\\OneDrive\\Desktop\\HogIntel-Price&Weight-Estimation\\models\\yolo_model\\best.pt'
2025-10-27 18:01:01 - models.cnn_regressor - ERROR - [cnn_regressor.py:71] - Failed to load CNN regressor: [Errno 2] No such file or directory: 'C:\\Users\\Acer\\OneDrive\\Desktop\\HogIntel-Price&Weight-Estimation\\models\\weight_model\\best_model.pt'
2025-10-27 18:01:01 - models.price_model - ERROR - [price_model.py:49] - Failed to load price model: [Errno 2] No such file or directory: 'C:\\Users\\Acer\\OneDrive\\Desktop\\HogIntel-Price&Weight-Estimation\\models\\price_model\\best_price_model.pkl'
2025-10-27 18:01:01 - models.price_model - WARNING - [price_model.py:57] - Failed to load scaler: [Errno 2] No such file or directory: 'C:\\Users\\Acer\\OneDrive\\Desktop\\HogIntel-Price&Weight-Estimation\\models\\price_model\\price_scaler.pkl'
2025-10-27 18:01:01 - models.price_model - WARNING - [price_model.py:66] - Failed to load selected features: [Errno 2] No such file or directory: 'C:\\Users\\Acer\\OneDrive\\Desktop\\HogIntel-Price&Weight-Estimation\\models\\price_model\\selected_features.json'
2025-10-27 18:01:01 - models.price_model - WARNING - [price_model.py:75] - Failed to load model metrics: [Errno 2] No such file or directory: 'C:\\Users\\Acer\\OneDrive\\Desktop\\HogIntel-Price&Weight-Estimation\\models\\price_model\\model_metrics.json'
2025-10-27 18:01:01 - routers.price - INFO - [price.py:16] - Ridge Regression price prediction model loaded successfully
2025-10-27 18:01:02 - main - INFO - [main.py:19] - Starting HogIntel API Server
2025-10-27 18:01:02 - main - INFO - [main.py:20] - Environment: development
2025-10-27 18:01:02 - main - INFO - [main.py:21] - Debug mode: True
2025-10-27 18:01:02 - main - INFO - [main.py:22] - CORS origins: ['http://localhost:3000', 'http://localhost:8080', '*']
2025-10-27 18:01:52 - models.yolo_detector - ERROR - [yolo_detector.py:14] - Failed to load YOLO model: [Errno 2] No such file or directory: 'C:\\Users\\Acer\\OneDrive\\Desktop\\HogIntel-Price&Weight-Estimation\\models\\yolo_model\\best.pt'
2025-10-27 18:01:52 - models.cnn_regressor - ERROR - [cnn_regressor.py:71] - Failed to load CNN regressor: [Errno 2] No such file or directory: 'C:\\Users\\Acer\\OneDrive\\Desktop\\HogIntel-Price&Weight-Estimation\\models\\weight_model\\best_model.pt'
2025-10-27 18:01:52 - models.price_model - ERROR - [price_model.py:49] - Failed to load price model: [Errno 2] No such file or directory: 'C:\\Users\\Acer\\OneDrive\\Desktop\\HogIntel-Price&Weight-Estimation\\models\\price_model\\best_price_model.pkl'
2025-10-27 18:01:52 - models.price_model - WARNING - [price_model.py:57] - Failed to load scaler: [Errno 2] No such file or directory: 'C:\\Users\\Acer\\OneDrive\\Desktop\\HogIntel-Price&Weight-Estimation\\models\\price_model\\price_scaler.pkl'
2025-10-27 18:01:52 - models.price_model - WARNING - [price_model.py:66] - Failed to load selected features: [Errno 2] No such file or directory: 'C:\\Users\\Acer\\OneDrive\\Desktop\\HogIntel-Price&Weight-Estimation\\models\\price_model\\selected_features.json'
2025-10-27 18:01:52 - models.price_model - WARNING - [price_model.py:75] - Failed to load model metrics: [Errno 2] No such file or directory: 'C:\\Users\\Acer\\OneDrive\\Desktop\\HogIntel-Price&Weight-Estimation\\models\\price_model\\model_metrics.json'
2025-10-27 18:01:52 - routers.price - INFO - [price.py:16] - Ridge Regression price prediction model loaded successfully
2025-10-27 18:01:52 - main - INFO - [main.py:19] - Starting HogIntel API Server
2025-10-27 18:01:52 - main - INFO - [main.py:20] - Environment: development
2025-10-27 18:01:52 - main - INFO - [main.py:21] - Debug mode: True
2025-10-27 18:01:52 - main - INFO - [main.py:22] - CORS origins: ['http://localhost:3000', 'http://localhost:8080', '*']
2025-10-27 18:02:34 - models.yolo_detector - ERROR - [yolo_detector.py:14] - Failed to load YOLO model: [Errno 2] No such file or directory: 'C:\\Users\\Acer\\OneDrive\\Desktop\\HogIntel-Price&Weight-Estimation\\models\\yolo_model\\best.pt'
2025-10-27 18:02:34 - models.cnn_regressor - ERROR - [cnn_regressor.py:71] - Failed to load CNN regressor: [Errno 2] No such file or directory: 'C:\\Users\\Acer\\OneDrive\\Desktop\\HogIntel-Price&Weight-Estimation\\models\\weight_model\\best_model.pt'
2025-10-27 18:02:34 - models.price_model - ERROR - [price_model.py:49] - Failed to load price model: [Errno 2] No such file or directory: 'C:\\Users\\Acer\\OneDrive\\Desktop\\HogIntel-Price&Weight-Estimation\\models\\price_model\\best_price_model.pkl'
2025-10-27 18:02:34 - models.price_model - WARNING - [price_model.py:57] - Failed to load scaler: [Errno 2] No such file or directory: 'C:\\Users\\Acer\\OneDrive\\Desktop\\HogIntel-Price&Weight-Estimation\\models\\price_model\\price_scaler.pkl'
2025-10-27 18:02:34 - models.price_model - WARNING - [price_model.py:66] - Failed to load selected features: [Errno 2] No such file or directory: 'C:\\Users\\Acer\\OneDrive\\Desktop\\HogIntel-Price&Weight-Estimation\\models\\price_model\\selected_features.json'
2025-10-27 18:02:34 - models.price_model - WARNING - [price_model.py:75] - Failed to load model metrics: [Errno 2] No such file or directory: 'C:\\Users\\Acer\\OneDrive\\Desktop\\HogIntel-Price&Weight-Estimation\\models\\price_model\\model_metrics.json'
2025-10-27 18:02:34 - routers.price - INFO - [price.py:16] - Ridge Regression price prediction model loaded successfully
2025-10-27 18:02:34 - main - INFO - [main.py:19] - Starting HogIntel API Server
2025-10-27 18:02:34 - main - INFO - [main.py:20] - Environment: development
2025-10-27 18:02:34 - main - INFO - [main.py:21] - Debug mode: True
2025-10-27 18:02:34 - main - INFO - [main.py:22] - CORS origins: ['http://localhost:3000', 'http://localhost:8080', '*']
2025-10-27 18:07:43 - main - INFO - [main.py:25] - Shutting down HogIntel API Server
2025-10-27 18:08:20 - models.yolo_detector - ERROR - [yolo_detector.py:14] - Failed to load YOLO model: [Errno 2] No such file or directory: 'C:\\Users\\Acer\\OneDrive\\Desktop\\HogIntel-Price&Weight-Estimation\\models\\yolo_model\\best.pt'
2025-10-27 18:08:20 - models.cnn_regressor - ERROR - [cnn_regressor.py:71] - Failed to load CNN regressor: [Errno 2] No such file or directory: 'C:\\Users\\Acer\\OneDrive\\Desktop\\HogIntel-Price&Weight-Estimation\\models\\weight_model\\best_model.pt'
2025-10-27 18:08:20 - routers.price - ERROR - [price.py:18] - Failed to load price model: name 'os' is not defined
2025-10-27 18:14:06 - models.yolo_detector - INFO - [yolo_detector.py:20] - YOLO model loaded from /models/yolo_model/best.pt
2025-10-27 18:14:12 - models.yolo_detector - INFO - [yolo_detector.py:20] - YOLO model loaded from /models/yolo_model/best.pt
2025-10-27 18:14:22 - models.cnn_regressor - INFO - [cnn_regressor.py:58] - CNN weight model loaded from /models/weight_model/best_model.pt
2025-10-27 18:14:22 - models.price_model - ERROR - [price_model.py:69] - Failed to load price model: expected str, bytes or os.PathLike object, not NoneType
2025-10-27 18:14:22 - models.price_model - WARNING - [price_model.py:77] - Failed to load scaler: expected str, bytes or os.PathLike object, not NoneType
2025-10-27 18:14:22 - models.price_model - WARNING - [price_model.py:86] - Failed to load selected features: expected str, bytes or os.PathLike object, not NoneType
2025-10-27 18:14:22 - models.price_model - WARNING - [price_model.py:95] - Failed to load model metrics: expected str, bytes or os.PathLike object, not NoneType
2025-10-27 18:14:22 - routers.price - INFO - [price.py:16] - Ridge Regression price prediction model loaded successfully
2025-10-27 18:14:22 - main - INFO - [main.py:19] - Starting HogIntel API Server
2025-10-27 18:14:22 - main - INFO - [main.py:20] - Environment: development
2025-10-27 18:14:22 - main - INFO - [main.py:21] - Debug mode: True
2025-10-27 18:14:22 - main - INFO - [main.py:22] - CORS origins: ['http://localhost:3000', 'http://localhost:8080', '*']
2025-10-27 18:18:46 - main - INFO - [main.py:25] - Shutting down HogIntel API Server
2025-10-27 18:18:57 - models.yolo_detector - INFO - [yolo_detector.py:20] - YOLO model loaded from /models/yolo_model/best.pt
2025-10-27 18:19:00 - models.cnn_regressor - INFO - [cnn_regressor.py:58] - CNN weight model loaded from /models/weight_model/best_model.pt
2025-10-27 18:19:00 - models.price_model - INFO - [price_model.py:38] - PRICE_MODEL_PATH env var: /models/price_model/best_price_model.pkl
2025-10-27 18:19:00 - models.price_model - INFO - [price_model.py:39] - PRICE_SCALER_PATH env var: /models/price_model/price_scaler.pkl
2025-10-27 18:19:00 - models.price_model - ERROR - [price_model.py:71] - Failed to load price model: expected str, bytes or os.PathLike object, not NoneType
2025-10-27 18:19:00 - models.price_model - WARNING - [price_model.py:79] - Failed to load scaler: expected str, bytes or os.PathLike object, not NoneType
2025-10-27 18:19:00 - models.price_model - WARNING - [price_model.py:88] - Failed to load selected features: expected str, bytes or os.PathLike object, not NoneType
2025-10-27 18:19:00 - models.price_model - WARNING - [price_model.py:97] - Failed to load model metrics: expected str, bytes or os.PathLike object, not NoneType
2025-10-27 18:19:00 - routers.price - INFO - [price.py:16] - Ridge Regression price prediction model loaded successfully
2025-10-27 18:19:00 - main - INFO - [main.py:19] - Starting HogIntel API Server
2025-10-27 18:19:00 - main - INFO - [main.py:20] - Environment: development
2025-10-27 18:19:00 - main - INFO - [main.py:21] - Debug mode: True
2025-10-27 18:19:00 - main - INFO - [main.py:22] - CORS origins: ['http://localhost:3000', 'http://localhost:8080', '*']
2025-10-27 18:19:58 - models.yolo_detector - INFO - [yolo_detector.py:20] - YOLO model loaded from /models/yolo_model/best.pt
2025-10-27 18:20:02 - models.cnn_regressor - INFO - [cnn_regressor.py:58] - CNN weight model loaded from /models/weight_model/best_model.pt
2025-10-27 18:20:02 - models.price_model - INFO - [price_model.py:38] - PRICE_MODEL_PATH env var: /models/price_model/best_price_model.pkl
2025-10-27 18:20:02 - models.price_model - INFO - [price_model.py:39] - PRICE_SCALER_PATH env var: /models/price_model/price_scaler.pkl
2025-10-27 18:20:02 - models.price_model - ERROR - [price_model.py:71] - Failed to load price model: expected str, bytes or os.PathLike object, not NoneType
2025-10-27 18:20:02 - models.price_model - WARNING - [price_model.py:79] - Failed to load scaler: expected str, bytes or os.PathLike object, not NoneType
2025-10-27 18:20:02 - models.price_model - WARNING - [price_model.py:88] - Failed to load selected features: expected str, bytes or os.PathLike object, not NoneType
2025-10-27 18:20:02 - models.price_model - WARNING - [price_model.py:97] - Failed to load model metrics: expected str, bytes or os.PathLike object, not NoneType
2025-10-27 18:20:02 - routers.price - INFO - [price.py:16] - Ridge Regression price prediction model loaded successfully
2025-10-27 18:20:03 - main - INFO - [main.py:19] - Starting HogIntel API Server
2025-10-27 18:20:03 - main - INFO - [main.py:20] - Environment: development
2025-10-27 18:20:03 - main - INFO - [main.py:21] - Debug mode: True
2025-10-27 18:20:03 - main - INFO - [main.py:22] - CORS origins: ['http://localhost:3000', 'http://localhost:8080', '*']
2025-10-27 18:21:35 - main - INFO - [main.py:25] - Shutting down HogIntel API Server
2025-10-27 18:21:41 - models.yolo_detector - INFO - [yolo_detector.py:20] - YOLO model loaded from /models/yolo_model/best.pt
2025-10-27 18:21:48 - models.cnn_regressor - INFO - [cnn_regressor.py:58] - CNN weight model loaded from /models/weight_model/best_model.pt
2025-10-27 18:21:48 - models.price_model - INFO - [price_model.py:38] - Constructor received - model_path: None, scaler_path: None
2025-10-27 18:21:48 - models.price_model - INFO - [price_model.py:41] - PRICE_MODEL_PATH env var: /models/price_model/best_price_model.pkl
2025-10-27 18:21:48 - models.price_model - INFO - [price_model.py:42] - PRICE_SCALER_PATH env var: /models/price_model/price_scaler.pkl
2025-10-27 18:21:48 - models.price_model - ERROR - [price_model.py:74] - Failed to load price model: expected str, bytes or os.PathLike object, not NoneType
2025-10-27 18:21:48 - models.price_model - WARNING - [price_model.py:82] - Failed to load scaler: expected str, bytes or os.PathLike object, not NoneType
2025-10-27 18:21:48 - models.price_model - WARNING - [price_model.py:91] - Failed to load selected features: expected str, bytes or os.PathLike object, not NoneType
2025-10-27 18:21:48 - models.price_model - WARNING - [price_model.py:100] - Failed to load model metrics: expected str, bytes or os.PathLike object, not NoneType
2025-10-27 18:21:48 - routers.price - INFO - [price.py:16] - Ridge Regression price prediction model loaded successfully
2025-10-27 18:21:48 - main - INFO - [main.py:19] - Starting HogIntel API Server
2025-10-27 18:21:48 - main - INFO - [main.py:20] - Environment: development
2025-10-27 18:21:48 - main - INFO - [main.py:21] - Debug mode: True
2025-10-27 18:21:48 - main - INFO - [main.py:22] - CORS origins: ['http://localhost:3000', 'http://localhost:8080', '*']
2025-10-27 18:22:24 - main - INFO - [main.py:25] - Shutting down HogIntel API Server
2025-10-27 18:22:29 - models.yolo_detector - INFO - [yolo_detector.py:20] - YOLO model loaded from /models/yolo_model/best.pt
2025-10-27 18:22:32 - models.cnn_regressor - INFO - [cnn_regressor.py:58] - CNN weight model loaded from /models/weight_model/best_model.pt
2025-10-27 18:22:32 - models.price_model - INFO - [price_model.py:38] - Constructor received - model_path: None, scaler_path: None
2025-10-27 18:22:32 - models.price_model - INFO - [price_model.py:41] - PRICE_MODEL_PATH env var: /models/price_model/best_price_model.pkl
2025-10-27 18:22:32 - models.price_model - INFO - [price_model.py:42] - PRICE_SCALER_PATH env var: /models/price_model/price_scaler.pkl
2025-10-27 18:22:32 - models.price_model - ERROR - [price_model.py:74] - Failed to load price model: expected str, bytes or os.PathLike object, not NoneType
2025-10-27 18:22:32 - models.price_model - WARNING - [price_model.py:82] - Failed to load scaler: expected str, bytes or os.PathLike object, not NoneType
2025-10-27 18:22:32 - models.price_model - WARNING - [price_model.py:91] - Failed to load selected features: expected str, bytes or os.PathLike object, not NoneType
2025-10-27 18:22:32 - models.price_model - WARNING - [price_model.py:100] - Failed to load model metrics: expected str, bytes or os.PathLike object, not NoneType
2025-10-27 18:22:32 - routers.price - INFO - [price.py:16] - Ridge Regression price prediction model loaded successfully
2025-10-27 18:22:32 - main - INFO - [main.py:19] - Starting HogIntel API Server
2025-10-27 18:22:32 - main - INFO - [main.py:20] - Environment: development
2025-10-27 18:22:32 - main - INFO - [main.py:21] - Debug mode: True
2025-10-27 18:22:32 - main - INFO - [main.py:22] - CORS origins: ['http://localhost:3000', 'http://localhost:8080', '*']
2025-10-27 18:22:50 - main - INFO - [main.py:25] - Shutting down HogIntel API Server
2025-10-27 18:22:55 - models.yolo_detector - INFO - [yolo_detector.py:20] - YOLO model loaded from /models/yolo_model/best.pt
2025-10-27 18:22:59 - models.cnn_regressor - INFO - [cnn_regressor.py:58] - CNN weight model loaded from /models/weight_model/best_model.pt
2025-10-27 18:22:59 - models.price_model - INFO - [price_model.py:38] - Constructor received - model_path: None, scaler_path: None
2025-10-27 18:22:59 - models.price_model - INFO - [price_model.py:41] - PRICE_MODEL_PATH env var: /models/price_model/best_price_model.pkl
2025-10-27 18:22:59 - models.price_model - INFO - [price_model.py:42] - PRICE_SCALER_PATH env var: /models/price_model/price_scaler.pkl
2025-10-27 18:22:59 - models.price_model - INFO - [price_model.py:62] - Assigned self.model_path: /models/price_model/best_price_model.pkl
2025-10-27 18:22:59 - models.price_model - INFO - [price_model.py:63] - Assigned self.scaler_path: /models/price_model/price_scaler.pkl
2025-10-27 18:22:59 - models.price_model - INFO - [price_model.py:64] - Assigned self.features_path: /models/price_model/selected_features.json
2025-10-27 18:22:59 - models.price_model - INFO - [price_model.py:65] - Assigned self.metrics_path: /models/price_model/model_metrics.json
2025-10-27 18:22:59 - models.price_model - ERROR - [price_model.py:80] - Failed to load price model: expected str, bytes or os.PathLike object, not NoneType
2025-10-27 18:22:59 - models.price_model - WARNING - [price_model.py:88] - Failed to load scaler: expected str, bytes or os.PathLike object, not NoneType
2025-10-27 18:22:59 - models.price_model - WARNING - [price_model.py:97] - Failed to load selected features: expected str, bytes or os.PathLike object, not NoneType
2025-10-27 18:22:59 - models.price_model - WARNING - [price_model.py:106] - Failed to load model metrics: expected str, bytes or os.PathLike object, not NoneType
2025-10-27 18:22:59 - routers.price - INFO - [price.py:16] - Ridge Regression price prediction model loaded successfully
2025-10-27 18:22:59 - main - INFO - [main.py:19] - Starting HogIntel API Server
2025-10-27 18:22:59 - main - INFO - [main.py:20] - Environment: development
2025-10-27 18:22:59 - main - INFO - [main.py:21] - Debug mode: True
2025-10-27 18:22:59 - main - INFO - [main.py:22] - CORS origins: ['http://localhost:3000', 'http://localhost:8080', '*']
2025-10-27 18:27:30 - main - INFO - [main.py:25] - Shutting down HogIntel API Server
2025-10-27 18:27:51 - models.yolo_detector - INFO - [yolo_detector.py:20] - YOLO model loaded from /models/yolo_model/best.pt
2025-10-27 18:27:58 - models.cnn_regressor - INFO - [cnn_regressor.py:58] - CNN weight model loaded from /models/weight_model/best_model.pt
2025-10-27 18:27:58 - models.price_model - INFO - [price_model.py:55] - Initializing PricePredictor with paths:
2025-10-27 18:27:58 - models.price_model - INFO - [price_model.py:56] -   Model: /models/price_model/best_price_model.pkl
2025-10-27 18:27:58 - models.price_model - INFO - [price_model.py:57] -   Scaler: /models/price_model/price_scaler.pkl
2025-10-27 18:27:58 - models.price_model - INFO - [price_model.py:58] -   Features: /models/price_model/selected_features.json
2025-10-27 18:27:58 - models.price_model - INFO - [price_model.py:59] -   Metrics: /models/price_model/model_metrics.json
2025-10-27 18:28:04 - models.price_model - INFO - [price_model.py:71] - ✅ Ridge regression model loaded from /models/price_model/best_price_model.pkl
2025-10-27 18:28:04 - models.price_model - INFO - [price_model.py:80] - ✅ Scaler loaded from /models/price_model/price_scaler.pkl
2025-10-27 18:28:04 - models.price_model - INFO - [price_model.py:89] - ✅ Selected features loaded: 6 features
2025-10-27 18:28:04 - models.price_model - INFO - [price_model.py:98] - ✅ Model metrics loaded (Test MAPE: 7.548024711096847%)
2025-10-27 18:28:04 - routers.price - INFO - [price.py:16] - Ridge Regression price prediction model loaded successfully
2025-10-27 18:28:04 - main - INFO - [main.py:19] - Starting HogIntel API Server
2025-10-27 18:28:04 - main - INFO - [main.py:20] - Environment: development
2025-10-27 18:28:04 - main - INFO - [main.py:21] - Debug mode: True
2025-10-27 18:28:04 - main - INFO - [main.py:22] - CORS origins: ['http://localhost:3000', 'http://localhost:8080', '*']
2025-10-27 19:16:23 - models.yolo_detector - INFO - [yolo_detector.py:20] - YOLO model loaded from /models/yolo_model/best.pt
2025-10-27 19:16:23 - models.cnn_regressor - INFO - [cnn_regressor.py:63] - Loading CNN model from: /models/weight_model/best_model.pt
2025-10-27 19:16:27 - models.cnn_regressor - INFO - [cnn_regressor.py:88] - ✅ CNN weight model loaded successfully from /models/weight_model/best_model.pt
2025-10-27 19:16:27 - models.price_model - INFO - [price_model.py:55] - ============================================================
2025-10-27 19:16:27 - models.price_model - INFO - [price_model.py:56] - Initializing PricePredictor
2025-10-27 19:16:27 - models.price_model - INFO - [price_model.py:57] - ============================================================
2025-10-27 19:16:27 - models.price_model - INFO - [price_model.py:58] - Model Path:    /models/price_model/best_price_model.pkl
2025-10-27 19:16:27 - models.price_model - INFO - [price_model.py:59] - Scaler Path:   /models/price_model/price_scaler.pkl
2025-10-27 19:16:27 - models.price_model - INFO - [price_model.py:60] - Features Path: /models/price_model/selected_features.json
2025-10-27 19:16:27 - models.price_model - INFO - [price_model.py:61] - Metrics Path:  /models/price_model/model_metrics.json
2025-10-27 19:16:27 - models.price_model - INFO - [price_model.py:62] - ------------------------------------------------------------
2025-10-27 19:16:29 - models.price_model - INFO - [price_model.py:79] - ✅ Ridge regression model loaded from /models/price_model/best_price_model.pkl
2025-10-27 19:16:29 - models.price_model - INFO - [price_model.py:80] -    Model type: Ridge
2025-10-27 19:16:29 - models.price_model - INFO - [price_model.py:97] - ✅ Scaler loaded from /models/price_model/price_scaler.pkl
2025-10-27 19:16:29 - models.price_model - INFO - [price_model.py:98] -    Scaler type: StandardScaler
2025-10-27 19:16:29 - models.price_model - INFO - [price_model.py:115] - ✅ Selected features loaded: 6 features
2025-10-27 19:16:29 - models.price_model - INFO - [price_model.py:116] -    Features: price_rolling_mean_3, price_lag_1, price_rolling_mean_6, price_lag_3, price_lag_6...
2025-10-27 19:16:29 - models.price_model - INFO - [price_model.py:136] - ✅ Model metrics loaded
2025-10-27 19:16:29 - models.price_model - INFO - [price_model.py:137] -    Test MAPE: 7.548024711096847%
2025-10-27 19:16:29 - models.price_model - INFO - [price_model.py:138] -    Test MAE:  15.82433082399501
2025-10-27 19:16:29 - models.price_model - INFO - [price_model.py:147] - ------------------------------------------------------------
2025-10-27 19:16:29 - models.price_model - INFO - [price_model.py:148] - PricePredictor Status:
2025-10-27 19:16:29 - models.price_model - INFO - [price_model.py:149] -   Model Loaded:    ✅ YES
2025-10-27 19:16:29 - models.price_model - INFO - [price_model.py:150] -   Scaler Loaded:   ✅ YES
2025-10-27 19:16:29 - models.price_model - INFO - [price_model.py:151] -   Features Loaded: ✅ YES
2025-10-27 19:16:29 - models.price_model - INFO - [price_model.py:152] -   Metrics Loaded:  ✅ YES
2025-10-27 19:16:29 - models.price_model - INFO - [price_model.py:153] - ============================================================
2025-10-27 19:16:29 - routers.price - INFO - [price.py:16] - Ridge Regression price prediction model loaded successfully
2025-10-27 19:16:29 - main - INFO - [main.py:56] - ============================================================
2025-10-27 19:16:29 - main - INFO - [main.py:57] - Starting HogIntel API Server
2025-10-27 19:16:29 - main - INFO - [main.py:58] - ============================================================
2025-10-27 19:16:29 - main - INFO - [main.py:59] - Environment: development
2025-10-27 19:16:29 - main - INFO - [main.py:60] - Debug mode: True
2025-10-27 19:16:29 - main - INFO - [main.py:61] - Running in Docker: True
2025-10-27 19:16:29 - main - INFO - [main.py:62] - Host: 0.0.0.0:8000
2025-10-27 19:16:29 - main - INFO - [main.py:63] - CORS origins: ['http://localhost:3000', 'http://localhost:8080', '*']
2025-10-27 19:16:29 - main - INFO - [main.py:64] - ------------------------------------------------------------
2025-10-27 19:16:29 - main - INFO - [main.py:65] - Model Paths:
2025-10-27 19:16:29 - main - INFO - [main.py:66] -   YOLO: /models/yolo_model/best.pt
2025-10-27 19:16:29 - main - INFO - [main.py:67] -   CNN: /models/weight_model/best_model.pt
2025-10-27 19:16:29 - main - INFO - [main.py:68] -   Price: /models/price_model/best_price_model.pkl
2025-10-27 19:16:29 - main - INFO - [main.py:69] - ============================================================
2025-10-27 19:16:54 - models.cnn_regressor - INFO - [cnn_regressor.py:148] - Predicted weight: 65.20 kg (confidence: 0.85)
